{
  "status": "PASS_S10_OOF_DYNAMIC_SPATIAL_AUDIT",
  "generated_utc": "2026-08-13T00:53:50.770893+00:00",
  "case_count": 68,
  "candidate_count": 3,
  "variant_count": 2,
  "same_case_time_node_global_axis": true,
  "saved_time_step_s": 0.025000000000000133,
  "frequency_nyquist_hz": 19.999999999999893,
  "frequency_bands_hz": [
    [
      0.0,
      0.5
    ],
    [
      0.5,
      1.0
    ],
    [
      1.0,
      2.0
    ],
    [
      2.0,
      5.0
    ],
    [
      5.0,
      10.0
    ],
    [
      10.0,
      20.0
    ]
  ],
  "velocity_source": "direct candidate output and direct FEM/COMSOL extraction",
  "acceleration_computed": false,
  "b2_velocity_fabricated": false,
  "kinematic_interpretation": "saved-grid consistency diagnostic relative to the FEM/COMSOL saved-grid differentiation floor; not a replacement for direct velocity",
  "undefined_relative_metric_policy": "relative metrics are null and accompanied by an explicit false applicability flag when reference energy is at or below 1e-30; absolute metrics remain reported",
  "undefined_spatial_relative_rows": 72,
  "undefined_kinematic_relative_rows": 84,
  "spectral_filtering": "none; all resolvable bands through Nyquist retained and reported separately",
  "modal_claim": "none; these are response-spectrum metrics, not structural eigenmode validation",
  "selection_or_tuning_performed": false,
  "S11_authorized": false
}
